Command line defined: "PRODUCT_VERSION=1.0.2"
Command line defined: "BACKEND_PORT=37588"
Command line defined: "MONGO_PORT=17661"
Command line defined: "REDIS_PORT=53271"
Command line defined: "NGINX_PORT=31591"
Command line defined: "PACKAGE_7Z=C:\\TradingAgentsCN\\release\\packages\\TradingAgentsCN-Portable-latest-installer.7z"
Command line defined: "OUTPUT_DIR=C:\\TradingAgentsCN\\release\\packages"
Command line defined: "PROJECT_ROOT=C:\\TradingAgentsCN"
Command line defined: "SEVENZIP_DIR=C:\\TradingAgentsCN\\vendors\\7zip"
Processing config: C:\Program Files (x86)\NSIS\nsisconf.nsh
Processing script file: "C:\TradingAgentsCN\scripts\windows-installer\build\..\nsis\installer.nsi" (ACP)
