python : Traceback (most recent call last):
At line:1 char:1
+ python scripts\test_db_connection.py > test_output.tx
t 2>&1; Get-Cont ...
+ ~~~~~~~~~~~~~~~~~~~~~~~~~~~~~~~~~~~~~~~~~~~~~~~~~~~~~
~~~~~~
    + CategoryInfo          : NotSpecified: (Traceback 
    (most recent call last)::String) [], RemoteExcept  
  ion
    + FullyQualifiedErrorId : NativeCommandError
 
  File "C:\TradingAgentsCN\scripts\test_db_connection.p
y", line 8, in <module>
    from dotenv import load_dotenv
ModuleNotFoundError: No module named 'dotenv'
